******************************************************************************
                  TI ARM Linker PC v20.2.7                     
******************************************************************************
>> Linked Fri Nov 15 15:42:48 2024

OUTPUT FILE NAME:   <lab6_Shaun_Santhosh_Jacob.out>
ENTRY POINT SYMBOL: "_c_int00_noargs"  address: 00002aad


MEMORY CONFIGURATION

         name            origin    length      used     unused   attr    fill
----------------------  --------  ---------  --------  --------  ----  --------
  FLASH                 00000000   00040000  00002d5d  0003d2a3  R  X
  SRAM                  20000000   00008000  0000100c  00006ff4  RW X


SEGMENT ALLOCATION MAP

run origin  load origin   length   init length attrs members
----------  ----------- ---------- ----------- ----- -------
00000000    00000000    00002d64   00002d64    r-x
  00000000    00000000    0000026c   0000026c    r-- .intvecs
  0000026c    0000026c    000029d4   000029d4    r-x .text
  00002c40    00002c40    00000101   00000101    r-- .const
  00002d48    00002d48    0000001c   0000001c    r-- .cinit
20000000    20000000    0000100c   00000000    rw-
  20000000    20000000    00001000   00000000    rw- .stack
  20001000    20001000    0000000c   00000000    rw- .data


SECTION ALLOCATION MAP

 output                                  attributes/
section   page    origin      length       input sections
--------  ----  ----------  ----------   ----------------
.intvecs   0    00000000    0000026c     
                  00000000    0000026c     tm4c123gh6pm_startup_ccs.obj (.intvecs)

.text      0    0000026c    000029d4     
                  0000026c    00000a4e     rtsv7M4_T_le_v4SPD16_eabi.lib : _printfi.c.obj (.text:__TI_printfi)
                  00000cba    00000002                                   : div0.asm.obj (.text)
                  00000cbc    00000954     lab6_Shaun_Santhosh_Jacob.obj (.text)
                  00001610    00000270     rtsv7M4_T_le_v4SPD16_eabi.lib : _printfi.c.obj (.text:_pconv_a)
                  00001880    000001d0                                   : _printfi.c.obj (.text:_pconv_g)
                  00001a50    000001b6                                   : fd_add_t2.asm.obj (.text)
                  00001c06    00000002     --HOLE-- [fill = 0]
                  00001c08    00000154     uart0.obj (.text)
                  00001d5c    0000013c     rtsv7M4_T_le_v4SPD16_eabi.lib : _printfi.c.obj (.text:_pconv_e)
                  00001e98    00000136                                   : fd_div_t2.asm.obj (.text)
                  00001fce    00000002     --HOLE-- [fill = 0]
                  00001fd0    00000124                                   : _printfi.c.obj (.text:fcvt)
                  000020f4    00000110                                   : s_scalbn.c.obj (.text:scalbn)
                  00002204    000000fc                                   : fd_mul_t2.asm.obj (.text)
                  00002300    000000b1                                   : _printfi.c.obj (.text:_ltostr)
                  000023b1    00000001     --HOLE-- [fill = 0]
                  000023b2    0000009c                                   : memcpy_t2.asm.obj (.text)
                  0000244e    00000096                                   : ull_div_t2.asm.obj (.text)
                  000024e4    00000086                                   : fd_cmp_t2.asm.obj (.text:__aeabi_cdcmple)
                  0000256a    00000086                                   : fd_cmp_t2.asm.obj (.text:__aeabi_cdrcmple)
                  000025f0    0000007a                                   : memset_t2.asm.obj (.text)
                  0000266a    0000006e                                   : _printfi.c.obj (.text:_mcpy)
                  000026d8    0000006e                                   : fd_tos_t2.asm.obj (.text)
                  00002746    00000068                                   : copy_decompress_lzss.c.obj (.text:decompress:lzss:__TI_decompress_lzss)
                  000027ae    00000002     --HOLE-- [fill = 0]
                  000027b0    00000064                                   : s_frexp.c.obj (.text:frexp)
                  00002814    00000056                                   : _printfi.c.obj (.text:_pconv_f)
                  0000286a    00000054                                   : _ltoa.c.obj (.text:__TI_ltoa)
                  000028be    00000052                                   : _printfi.c.obj (.text:_ecpy)
                  00002910    0000004c                                   : atoi.c.obj (.text:atoi)
                  0000295c    0000004c                                   : snprintf.c.obj (.text:snprintf)
                  000029a8    00000048                                   : fd_toi_t2.asm.obj (.text)
                  000029f0    00000044                                   : autoinit.c.obj (.text:__TI_auto_init_nobinit_nopinit:__TI_auto_init_nobinit_nopinit)
                  00002a34    0000003e                                   : _printfi.c.obj (.text:_fcpy)
                  00002a72    00000038                                   : fs_tod_t2.asm.obj (.text)
                  00002aaa    00000002     --HOLE-- [fill = 0]
                  00002aac    00000034                                   : boot_cortex_m.c.obj (.text:_c_int00_noargs:_c_int00_noargs)
                  00002ae0    00000030                                   : snprintf.c.obj (.text:_outs)
                  00002b10    0000002e                                   : i_tofd_t2.asm.obj (.text)
                  00002b3e    0000001c                                   : memccpy.c.obj (.text:memccpy)
                  00002b5a    0000001c     wait.obj (.text)
                  00002b76    0000001a     rtsv7M4_T_le_v4SPD16_eabi.lib : s_copysign.c.obj (.text:copysign)
                  00002b90    00000018                                   : snprintf.c.obj (.text:_outc)
                  00002ba8    00000016                                   : strchr.c.obj (.text:strchr)
                  00002bbe    00000014                                   : strlen.c.obj (.text:strlen)
                  00002bd2    00000012                                   : wcslen.c.obj (.text:wcslen)
                  00002be4    00000010     clock.obj (.text)
                  00002bf4    00000010     rtsv7M4_T_le_v4SPD16_eabi.lib : isalpha.c.obj (.text:isalpha)
                  00002c04    00000010                                   : isdigit.c.obj (.text:isdigit)
                  00002c14    0000000e                                   : copy_decompress_none.c.obj (.text:decompress:none:__TI_decompress_none)
                  00002c22    0000000c     tm4c123gh6pm_startup_ccs.obj (.text)
                  00002c2e    00000002     --HOLE-- [fill = 0]
                  00002c30    00000008     rtsv7M4_T_le_v4SPD16_eabi.lib : errno.c.obj (.text:__aeabi_errno_addr)
                  00002c38    00000004                                   : pre_init.c.obj (.text:_system_pre_init)
                  00002c3c    00000004                                   : exit.c.obj (.text:abort:abort)

.const     0    00002c40    00000101     
                  00002c40    00000101     rtsv7M4_T_le_v4SPD16_eabi.lib : ctype.c.obj (.const:.string:_ctypes_)

.cinit     0    00002d48    0000001c     
                  00002d48    0000000b     (.cinit..data.load) [load image, compression = lzss]
                  00002d53    00000001     --HOLE-- [fill = 0]
                  00002d54    00000008     (__TI_handler_table)
                  00002d5c    00000008     (__TI_cinit_table)

.init_array 
*          0    00000000    00000000     UNINITIALIZED

.data      0    20001000    0000000c     UNINITIALIZED
                  20001000    00000008     lab6_Shaun_Santhosh_Jacob.obj (.data)
                  20001008    00000004     rtsv7M4_T_le_v4SPD16_eabi.lib : errno.c.obj (.data)

.stack     0    20000000    00001000     UNINITIALIZED
                  20000000    00000004     rtsv7M4_T_le_v4SPD16_eabi.lib : boot_cortex_m.c.obj (.stack)
                  20000004    00000ffc     --HOLE--

__llvm_prf_cnts 
*          0    20000000    00000000     UNINITIALIZED

MODULE SUMMARY

       Module                          code    ro data   rw data
       ------                          ----    -------   -------
    .\
       lab6_Shaun_Santhosh_Jacob.obj   2388    0         8      
       tm4c123gh6pm_startup_ccs.obj    12      620       0      
       uart0.obj                       340     0         0      
       wait.obj                        28      0         0      
       clock.obj                       16      0         0      
    +--+-------------------------------+-------+---------+---------+
       Total:                          2784    620       8      
                                                                
    C:\ti\ccs1280\ccs\tools\compiler\ti-cgt-arm_20.2.7.LTS\lib\rtsv7M4_T_le_v4SPD16_eabi.lib
       _printfi.c.obj                  4851    0         0      
       fd_add_t2.asm.obj               438     0         0      
       fd_div_t2.asm.obj               310     0         0      
       s_scalbn.c.obj                  272     0         0      
       fd_cmp_t2.asm.obj               268     0         0      
       ctype.c.obj                     0       257       0      
       fd_mul_t2.asm.obj               252     0         0      
       memcpy_t2.asm.obj               156     0         0      
       ull_div_t2.asm.obj              150     0         0      
       snprintf.c.obj                  148     0         0      
       memset_t2.asm.obj               122     0         0      
       fd_tos_t2.asm.obj               110     0         0      
       copy_decompress_lzss.c.obj      104     0         0      
       s_frexp.c.obj                   100     0         0      
       _ltoa.c.obj                     84      0         0      
       atoi.c.obj                      76      0         0      
       fd_toi_t2.asm.obj               72      0         0      
       autoinit.c.obj                  68      0         0      
       fs_tod_t2.asm.obj               56      0         0      
       boot_cortex_m.c.obj             52      0         0      
       i_tofd_t2.asm.obj               46      0         0      
       memccpy.c.obj                   28      0         0      
       s_copysign.c.obj                26      0         0      
       strchr.c.obj                    22      0         0      
       strlen.c.obj                    20      0         0      
       wcslen.c.obj                    18      0         0      
       isalpha.c.obj                   16      0         0      
       isdigit.c.obj                   16      0         0      
       copy_decompress_none.c.obj      14      0         0      
       errno.c.obj                     8       0         4      
       exit.c.obj                      4       0         0      
       pre_init.c.obj                  4       0         0      
       div0.asm.obj                    2       0         0      
    +--+-------------------------------+-------+---------+---------+
       Total:                          7913    257       4      
                                                                
       Stack:                          0       0         4096   
       Linker Generated:               0       27        0      
    +--+-------------------------------+-------+---------+---------+
       Grand Total:                    10697   904       4108   


LINKER GENERATED COPY TABLES

__TI_cinit_table @ 00002d5c records: 1, size/record: 8, table size: 8
	.data: load addr=00002d48, load size=0000000b bytes, run addr=20001000, run size=0000000c bytes, compression=lzss


LINKER GENERATED HANDLER TABLE

__TI_handler_table @ 00002d54 records: 2, size/record: 4, table size: 8
	index: 0, handler: __TI_decompress_lzss
	index: 1, handler: __TI_decompress_none


GLOBAL SYMBOLS: SORTED ALPHABETICALLY BY Name 

address   name                          
-------   ----                          
00002c3d  C$$EXIT                       
00002c23  ResetISR                      
20001000  __STACK_END                   
00001000  __STACK_SIZE                  
20000200  __STACK_TOP                   
00002d5c  __TI_CINIT_Base               
00002d64  __TI_CINIT_Limit              
00002d54  __TI_Handler_Table_Base       
00002d5c  __TI_Handler_Table_Limit      
000029f1  __TI_auto_init_nobinit_nopinit
00002747  __TI_decompress_lzss          
00002c15  __TI_decompress_none          
0000286b  __TI_ltoa                     
ffffffff  __TI_pprof_out_hndl           
0000026d  __TI_printfi                  
ffffffff  __TI_prof_data_size           
ffffffff  __TI_prof_data_start          
00000000  __TI_static_base__            
000024e5  __aeabi_cdcmpeq               
000024e5  __aeabi_cdcmple               
0000256b  __aeabi_cdrcmple              
000026d9  __aeabi_d2f                   
000029a9  __aeabi_d2iz                  
00001a5b  __aeabi_dadd                  
00001e99  __aeabi_ddiv                  
00002205  __aeabi_dmul                  
00001a51  __aeabi_dsub                  
00002c31  __aeabi_errno_addr            
00002a73  __aeabi_f2d                   
00002b11  __aeabi_i2d                   
00000cbb  __aeabi_idiv0                 
00000cbb  __aeabi_ldiv0                 
000025f1  __aeabi_memclr                
000025f1  __aeabi_memclr4               
000025f1  __aeabi_memclr8               
000023b3  __aeabi_memcpy                
000023b3  __aeabi_memcpy4               
000023b3  __aeabi_memcpy8               
000025f3  __aeabi_memset                
000025f3  __aeabi_memset4               
000025f3  __aeabi_memset8               
0000244f  __aeabi_uldivmod              
ffffffff  __binit__                     
ffffffff  __c_args__                    
UNDEFED   __mpu_init                    
20000000  __stack                       
20000000  __start___llvm_prf_cnts       
20000000  __stop___llvm_prf_cnts        
00002aad  _c_int00_noargs               
00002c40  _ctypes_                      
UNDEFED   _system_post_cinit            
00002c39  _system_pre_init              
00002c3d  abort                         
00002911  atoi                          
ffffffff  binit                         
00001145  clearBuffer                   
00000cbd  compISR                       
00002b77  copysign                      
00002b77  copysignl                     
20001008  errno                         
000027b1  frexp                         
000027b1  frexpl                        
00000000  g_pfnVectors                  
00001041  getFieldInteger               
00000fd7  getFieldString                
00001cff  getcUart0                     
00000e5f  getsUart0                     
00000d6b  initHw                        
00002be5  initSystemClockTo40Mhz        
00001c09  initUart0                     
00000d1d  initcomp                      
00000cf5  inittimer                     
000010fd  isCommand                     
00002bf5  isalpha                       
00002c05  isdigit                       
00001d13  kbhitUart0                    
000020f5  ldexp                         
000020f5  ldexpl                        
00001181  main                          
00002b3f  memccpy                       
000023b3  memcpy                        
000025f9  memset                        
00000edd  parseFields                   
00001cb7  putcUart0                     
00001cd3  putsUart0                     
000020f5  scalbn                        
000020f5  scalbnl                       
00001c73  setUart0BaudRate              
0000295d  snprintf                      
000010a1  strCompare                    
00002ba9  strchr                        
00002bbf  strlen                        
20001000  success                       
20001004  timerValue                    
00002b5b  waitMicrosecond               
00002bd3  wcslen                        


GLOBAL SYMBOLS: SORTED BY Symbol Address 

address   name                          
-------   ----                          
00000000  __TI_static_base__            
00000000  g_pfnVectors                  
0000026d  __TI_printfi                  
00000cbb  __aeabi_idiv0                 
00000cbb  __aeabi_ldiv0                 
00000cbd  compISR                       
00000cf5  inittimer                     
00000d1d  initcomp                      
00000d6b  initHw                        
00000e5f  getsUart0                     
00000edd  parseFields                   
00000fd7  getFieldString                
00001000  __STACK_SIZE                  
00001041  getFieldInteger               
000010a1  strCompare                    
000010fd  isCommand                     
00001145  clearBuffer                   
00001181  main                          
00001a51  __aeabi_dsub                  
00001a5b  __aeabi_dadd                  
00001c09  initUart0                     
00001c73  setUart0BaudRate              
00001cb7  putcUart0                     
00001cd3  putsUart0                     
00001cff  getcUart0                     
00001d13  kbhitUart0                    
00001e99  __aeabi_ddiv                  
000020f5  ldexp                         
000020f5  ldexpl                        
000020f5  scalbn                        
000020f5  scalbnl                       
00002205  __aeabi_dmul                  
000023b3  __aeabi_memcpy                
000023b3  __aeabi_memcpy4               
000023b3  __aeabi_memcpy8               
000023b3  memcpy                        
0000244f  __aeabi_uldivmod              
000024e5  __aeabi_cdcmpeq               
000024e5  __aeabi_cdcmple               
0000256b  __aeabi_cdrcmple              
000025f1  __aeabi_memclr                
000025f1  __aeabi_memclr4               
000025f1  __aeabi_memclr8               
000025f3  __aeabi_memset                
000025f3  __aeabi_memset4               
000025f3  __aeabi_memset8               
000025f9  memset                        
000026d9  __aeabi_d2f                   
00002747  __TI_decompress_lzss          
000027b1  frexp                         
000027b1  frexpl                        
0000286b  __TI_ltoa                     
00002911  atoi                          
0000295d  snprintf                      
000029a9  __aeabi_d2iz                  
000029f1  __TI_auto_init_nobinit_nopinit
00002a73  __aeabi_f2d                   
00002aad  _c_int00_noargs               
00002b11  __aeabi_i2d                   
00002b3f  memccpy                       
00002b5b  waitMicrosecond               
00002b77  copysign                      
00002b77  copysignl                     
00002ba9  strchr                        
00002bbf  strlen                        
00002bd3  wcslen                        
00002be5  initSystemClockTo40Mhz        
00002bf5  isalpha                       
00002c05  isdigit                       
00002c15  __TI_decompress_none          
00002c23  ResetISR                      
00002c31  __aeabi_errno_addr            
00002c39  _system_pre_init              
00002c3d  C$$EXIT                       
00002c3d  abort                         
00002c40  _ctypes_                      
00002d54  __TI_Handler_Table_Base       
00002d5c  __TI_CINIT_Base               
00002d5c  __TI_Handler_Table_Limit      
00002d64  __TI_CINIT_Limit              
20000000  __stack                       
20000000  __start___llvm_prf_cnts       
20000000  __stop___llvm_prf_cnts        
20000200  __STACK_TOP                   
20001000  __STACK_END                   
20001000  success                       
20001004  timerValue                    
20001008  errno                         
ffffffff  __TI_pprof_out_hndl           
ffffffff  __TI_prof_data_size           
ffffffff  __TI_prof_data_start          
ffffffff  __binit__                     
ffffffff  __c_args__                    
ffffffff  binit                         
UNDEFED   __mpu_init                    
UNDEFED   _system_post_cinit            

[96 symbols]
