------------------------------------------------------------
Timing Analyzer Summary
------------------------------------------------------------

Type  : Slow 1200mV 85C Model Setup 'Out'
Slack : -3.345
TNS   : -27.401

Type  : Slow 1200mV 85C Model Hold 'Out'
Slack : 1.147
TNS   : 0.000

Type  : Slow 1200mV 85C Model Minimum Pulse Width 'Out'
Slack : -3.000
TNS   : -18.433

Type  : Slow 1200mV 85C Model Minimum Pulse Width 'InA'
Slack : -3.000
TNS   : -14.224

Type  : Slow 1200mV 85C Model Minimum Pulse Width 'InB'
Slack : -3.000
TNS   : -14.224

Type  : Slow 1200mV 0C Model Setup 'Out'
Slack : -2.976
TNS   : -24.468

Type  : Slow 1200mV 0C Model Hold 'Out'
Slack : 1.042
TNS   : 0.000

Type  : Slow 1200mV 0C Model Minimum Pulse Width 'Out'
Slack : -3.000
TNS   : -18.433

Type  : Slow 1200mV 0C Model Minimum Pulse Width 'InA'
Slack : -3.000
TNS   : -14.224

Type  : Slow 1200mV 0C Model Minimum Pulse Width 'InB'
Slack : -3.000
TNS   : -14.224

Type  : Fast 1200mV 0C Model Setup 'Out'
Slack : -0.826
TNS   : -5.399

Type  : Fast 1200mV 0C Model Hold 'Out'
Slack : 0.428
TNS   : 0.000

Type  : Fast 1200mV 0C Model Minimum Pulse Width 'Out'
Slack : -3.000
TNS   : -14.345

Type  : Fast 1200mV 0C Model Minimum Pulse Width 'InA'
Slack : -3.000
TNS   : -11.273

Type  : Fast 1200mV 0C Model Minimum Pulse Width 'InB'
Slack : -3.000
TNS   : -11.209

------------------------------------------------------------
